HI-TECH Software C Compiler 

Linker command line:

--edf=C:\Program Files\HI-TECH Software\PICC\9.83\dat\en_msgs.txt -cs \
  -h+dist/default/production\pr31.X.production.sym -z -Q16F877A -ol.obj \
  -Mdist/default/production/pr31.X.production.map -E1 -ACONST=00h-0FFhx32 \
  -ACODE=00h-07FFhx4 -ASTRCODE=00h-01FFFh -AENTRY=00h-0FFhx32 \
  -ASTRING=00h-0FFhx32 -ABANK0=020h-06Fh -ABANK1=0A0h-0EFh \
  -ABANK2=0110h-016Fh -ABANK3=0190h-01EFh \
  -ARAM=020h-06Fh,0A0h-0EFh,0110h-016Fh,0190h-01EFh \
  -AABS1=020h-07Fh,0A0h-0EFh,0110h-016Fh,0190h-01EFh -ACOMMON=070h-07Fh \
  -ASFR0=00h-01Fh -ASFR1=080h-09Fh -ASFR2=0100h-010Fh -ASFR3=0180h-018Fh \
  -preset_vec=00h,intentry,init,end_init -ppowerup=CODE -pfunctab=CODE \
  -ACONFIG=02007h-02007h -pconfig=CONFIG -DCONFIG=2 -AIDLOC=02000h-02003h \
  -pidloc=IDLOC -DIDLOC=2 -AEEDATA=00h-0FFh/02100h -peeprom_data=EEDATA \
  -DEEDATA=2 -DCODE=2 -DSTRCODE=2 -DSTRING=2 -DCONST=2 -DENTRY=2 -k \
  C:\DOCUME~1\Sales\LOCALS~1\Temp\s1l8.obj \
  dist/default/production\pr31.X.production.obj 

Object code version is 3.10

Machine type is 16F877A



                Name                               Link     Load   Length Selector   Space Scale
C:\DOCUME~1\Sales\LOCALS~1\Temp\s1l8.obj
                end_init                              0        0        3        0       0
dist/default/production\pr31.X.production.obj
                config                             2007     2007        1     400E       0
                text649                              2B       2B       30       56       0
                text648                             B10      B10       10     1620       0
                text647                             BE0      BE0       1F     17C0       0
                text646                             BC2      BC2       1E     1784       0
                text645                             B04      B04        C     1608       0
                text644                             BFF      BFF       20     17FE       0
                text643                             ED3      ED3       87     1DA6       0
                text642                             3EE      3EE      130      7DC       0
                text641                             CC7      CC7       5C     198E       0
                text640                             DEF      DEF       6E     1BDE       0
                text639                             B44      B44       15     1688       0
                text638                             F5A      F5A       A6     1EB4       0
                text637                             C6C      C6C       2D     18D8       0
                text636                              5B       5B       AB       B6       0
                text635                             1B1      1B1      111      362       0
                text634                             C1F      C1F       21     183E       0
                text633                             B59      B59       19     16B2       0
                text632                             B72      B72       19     16E4       0
                text631                               4        4       27        8       0
                text630                             BA5      BA5       1D     174A       0
                text629                             B8B      B8B       1A     1716       0
                text628                             106      106       AB      20C       0
                text627                             66B      66B      195      CD6       0
                text626                             D23      D23       64     1A46       0
                text625                             E5D      E5D       76     1CBA       0
                text624                             D87      D87       68     1B0E       0
                text623                             51E      51E      14D      A3C       0
                maintext                            2C2      2C2      12C      584       0
                cstackBANK0                          20       20       2C       20       1
                cstackCOMMON                         70       70        E       70       1
                inittext                            B31      B31       13     1662       0
                dataBANK1                            A0       A0       2E       A0       1
                dataBANK0                            4C       4C       11       20       1
                bssBANK0                             5D       5D        D       20       1
                cinit                               C40      C40       2C     1880       0
                strings                             800      800       6E     1000       0
                idataBANK1                          C99      C99       2E     1932       0
                idataBANK0                          B20      B20       11     1640       0

TOTAL           Name                               Link     Load   Length     Space
        CLASS   CONST          

        CLASS   CODE           
                end_init                              0        0        3         0
                text649                              2B       2B       30         0
                text648                             B10      B10       10         0
                text647                             BE0      BE0       1F         0
                text646                             BC2      BC2       1E         0
                text645                             B04      B04        C         0
                text644                             BFF      BFF       20         0
                text643                             ED3      ED3       87         0
                text642                             3EE      3EE      130         0
                text641                             CC7      CC7       5C         0
                text640                             DEF      DEF       6E         0
                text639                             B44      B44       15         0
                text638                             F5A      F5A       A6         0
                text637                             C6C      C6C       2D         0
                text636                              5B       5B       AB         0
                text635                             1B1      1B1      111         0
                text634                             C1F      C1F       21         0
                text633                             B59      B59       19         0
                text632                             B72      B72       19         0
                text631                               4        4       27         0
                text630                             BA5      BA5       1D         0
                text629                             B8B      B8B       1A         0
                text628                             106      106       AB         0
                text627                             66B      66B      195         0
                text626                             D23      D23       64         0
                text625                             E5D      E5D       76         0
                text624                             D87      D87       68         0
                text623                             51E      51E      14D         0
                maintext                            2C2      2C2      12C         0
                inittext                            B31      B31       13         0
                cinit                               C40      C40       2C         0
                idataBANK1                          C99      C99       2E         0
                idataBANK0                          B20      B20       11         0

        CLASS   STRCODE        

        CLASS   ENTRY          

        CLASS   STRING         
                strings                             800      800       6E         0

        CLASS   BANK0          
                cstackBANK0                          20       20       2C         1
                dataBANK0                            4C       4C       11         1
                bssBANK0                             5D       5D        D         1

        CLASS   BANK1          
                dataBANK1                            A0       A0       2E         1

        CLASS   BANK2          

        CLASS   BANK3          

        CLASS   RAM            

        CLASS   ABS1           
                abs_s1                               7E       7E        2         1

        CLASS   COMMON         
                cstackCOMMON                         70       70        E         1

        CLASS   SFR0           

        CLASS   SFR1           

        CLASS   SFR2           

        CLASS   SFR3           

        CLASS   CONFIG         
                config                             2007     2007        1         0

        CLASS   IDLOC          

        CLASS   EEDATA         



SEGMENTS        Name                           Load    Length   Top    Selector   Space  Class     Delta

                reset_vec                      000000  000003  000003         0       0  CODE        2
                text631                        000004  000027  00002B         8       0  CODE        2
                cstackBANK0                    000020  00004A  00006A        20       1  BANK0       1
                text649                        00002B  000030  00005B        56       0  CODE        2
                cstackCOMMON                   000070  00000E  00007E        70       1  COMMON      1
                dataBANK1                      0000A0  00002E  0000CE        A0       1  BANK1       1
                text636                        00005B  0000AB  000106        B6       0  CODE        2
                text628                        000106  0000AB  0001B1       20C       0  CODE        2
                text635                        0001B1  000111  0002C2       362       0  CODE        2
                maintext                       0002C2  00012C  0003EE       584       0  CODE        2
                text642                        0003EE  000130  00051E       7DC       0  CODE        2
                text623                        00051E  00014D  00066B       A3C       0  CODE        2
                text627                        00066B  000195  000800       CD6       0  CODE        2
                strings                        000800  00006E  00086E      1000       0  STRING      2
                text645                        000B04  00000C  000B10      1608       0  CODE        2
                text648                        000B10  000010  000B20      1620       0  CODE        2
                idataBANK0                     000B20  000011  000B31      1640       0  CODE        2
                inittext                       000B31  000013  000B44      1662       0  CODE        2
                text639                        000B44  000015  000B59      1688       0  CODE        2
                text633                        000B59  000019  000B72      16B2       0  CODE        2
                text632                        000B72  000019  000B8B      16E4       0  CODE        2
                text629                        000B8B  00001A  000BA5      1716       0  CODE        2
                text630                        000BA5  00001D  000BC2      174A       0  CODE        2
                text646                        000BC2  00001E  000BE0      1784       0  CODE        2
                text647                        000BE0  00001F  000BFF      17C0       0  CODE        2
                text644                        000BFF  000020  000C1F      17FE       0  CODE        2
                text634                        000C1F  000021  000C40      183E       0  CODE        2
                cinit                          000C40  00002C  000C6C      1880       0  CODE        2
                text637                        000C6C  00002D  000C99      18D8       0  CODE        2
                idataBANK1                     000C99  00002E  000CC7      1932       0  CODE        2
                text641                        000CC7  00005C  000D23      198E       0  CODE        2
                text626                        000D23  000064  000D87      1A46       0  CODE        2
                text624                        000D87  000068  000DEF      1B0E       0  CODE        2
                text640                        000DEF  00006E  000E5D      1BDE       0  CODE        2
                text625                        000E5D  000076  000ED3      1CBA       0  CODE        2
                text643                        000ED3  000087  000F5A      1DA6       0  CODE        2
                text638                        000F5A  0000A6  001000      1EB4       0  CODE        2
                config                         002007  000001  002008      400E       0  CONFIG      2


UNUSED ADDRESS RANGES

        Name                Unused          Largest block    Delta
        BANK0            006A-006F              6           1
        BANK1            00CE-00EF             22           1
        BANK2            0110-016F             60           1
        BANK3            0190-01EF             60           1
        CODE             0003-0003              1           2
                         086E-0B03            296
                         1000-1FFF            800
        CONST            0003-0003              1           2
                         086E-0B03            100
                         1000-1FFF            100
        EEDATA           2100-21FF            100           2
        ENTRY            0003-0003              1           2
                         086E-0B03            100
                         1000-1FFF            100
        IDLOC            2000-2003              4           2
        RAM              006A-006F              6           1
                         00CE-00EF             22
                         0110-016F             60
                         0190-01EF             60
        SFR0             0000-001F             20           1
        SFR1             0080-009F             20           1
        SFR2             0100-010F             10           1
        SFR3             0180-018F             10           1
        STRCODE          0003-0003              1           2
                         086E-0B03            296
                         1000-1FFF           1000
        STRING           0003-0003              1           2
                         086E-0B03            100
                         1000-1FFF            100

                                  Symbol Table

??___lldiv                     cstackCOMMON 0078
??___llmod                     cstackCOMMON 0078
??_adjust_channel              cstackCOMMON 007E
??_adjust_vol                  cstackBANK0  0024
??_ar1000_init                 cstackBANK0  0029
??_ar_i2c_initialize           cstackCOMMON 0070
??_ar_i2c_read                 cstackCOMMON 0072
??_ar_i2c_write                cstackCOMMON 0075
??_decrease_chan               cstackBANK0  003E
??_delay                       cstackCOMMON 0074
??_e_pulse                     cstackCOMMON 0078
??_eeprom_read                 cstackCOMMON 0070
??_eprom_read                  cstackCOMMON 0072
??_eprom_write                 cstackCOMMON 0072
??_increase_chan               cstackCOMMON 007E
??_lcd_clr                     cstackCOMMON 0079
??_lcd_goto                    cstackCOMMON 0079
??_main                        cstackBANK0  0048
??_send_char                   cstackCOMMON 0078
??_send_config                 cstackCOMMON 0078
??_send_dec                    cstackBANK0  0024
??_send_string                 cstackCOMMON 0079
??_setAR1000                   cstackBANK0  002B
??_set_vol                     cstackBANK0  0020
??_switch_channel              cstackBANK0  003E
??_uart_init                   cstackCOMMON 0071
??_uart_sendstr                cstackCOMMON 0071
??_uart_tx                     cstackCOMMON 0070
?___lldiv                      cstackCOMMON 0070
?___llmod                      cstackCOMMON 0070
?_adjust_channel               cstackCOMMON 0070
?_adjust_vol                   cstackCOMMON 0070
?_ar1000_init                  cstackCOMMON 0070
?_ar_i2c_initialize            cstackCOMMON 0070
?_ar_i2c_read                  cstackCOMMON 0070
?_ar_i2c_write                 cstackCOMMON 0070
?_decrease_chan                cstackCOMMON 0070
?_delay                        cstackCOMMON 0070
?_e_pulse                      cstackCOMMON 0070
?_eeprom_read                  cstackCOMMON 0070
?_eprom_read                   cstackCOMMON 0070
?_eprom_write                  cstackCOMMON 0070
?_increase_chan                cstackCOMMON 0070
?_lcd_clr                      cstackCOMMON 0070
?_lcd_goto                     cstackCOMMON 0070
?_main                         cstackCOMMON 0070
?_send_char                    cstackCOMMON 0070
?_send_config                  cstackCOMMON 0070
?_send_dec                     cstackBANK0  0020
?_send_string                  cstackCOMMON 0070
?_setAR1000                    cstackBANK0  0029
?_set_vol                      cstackCOMMON 0070
?_switch_channel               cstackCOMMON 0070
?_uart_init                    cstackCOMMON 0070
?_uart_sendstr                 cstackCOMMON 0070
?_uart_tx                      cstackCOMMON 0070
_ACKDT                         (abs)        048D
_ACKEN                         (abs)        048C
_ACKSTAT                       (abs)        048E
_BF                            (abs)        04A0
_BRGH                          (abs)        04C2
_CARRY                         (abs)        0018
_CREN                          (abs)        00C4
_EEADR                         (abs)        010D
_EECON1                        (abs)        018C
_EECON2                        (abs)        018D
_EEDATA                        (abs)        010C
_EEPGD                         (abs)        0C67
_GIE                           (abs)        005F
_OERR                          (abs)        00C1
_PEN                           (abs)        048A
_PORTA                         (abs)        0005
_PORTB                         (abs)        0006
_PORTD                         (abs)        0008
_RB0                           (abs)        0030
_RB1                           (abs)        0031
_RB2                           (abs)        0032
_RB3                           (abs)        0033
_RB4                           (abs)        0034
_RB5                           (abs)        0035
_RCEN                          (abs)        048B
_RCIF                          (abs)        0065
_RCREG                         (abs)        001A
_RD                            (abs)        0C60
_RSEN                          (abs)        0489
_R_W                           (abs)        04A2
_SEN                           (abs)        0488
_SPBRG                         (abs)        0099
_SPEN                          (abs)        00C7
_SSPADD                        (abs)        0093
_SSPBUF                        (abs)        0013
_SSPEN                         (abs)        00A5
_SSPM0                         (abs)        00A0
_SSPM1                         (abs)        00A1
_SSPM2                         (abs)        00A2
_SSPM3                         (abs)        00A3
_SSPOV                         (abs)        00A6
_STC                           bssBANK0     0065
_TRISA                         (abs)        0085
_TRISB                         (abs)        0086
_TRISC3                        (abs)        043B
_TRISC4                        (abs)        043C
_TRISC6                        (abs)        043E
_TRISC7                        (abs)        043F
_TRISD                         (abs)        0088
_TXEN                          (abs)        04C5
_TXIF                          (abs)        0064
_TXREG                         (abs)        0019
_WCOL                          (abs)        00A7
_WR                            (abs)        0C61
_WREN                          (abs)        0C62
__Habs1                        abs1         0000
__Hbank0                       bank0        0000
__Hbank1                       bank1        0000
__Hbank2                       bank2        0000
__Hbank3                       bank3        0000
__HbssBANK0                    bssBANK0     0000
__Hcinit                       cinit        0000
__Hclrtext                     clrtext      0000
__Hcode                        code         0000
__Hcommon                      common       0000
__Hconfig                      config       2008
__HcstackBANK0                 cstackBANK0  0000
__HcstackCOMMON                cstackCOMMON 0000
__HdataBANK0                   dataBANK0    0000
__HdataBANK1                   dataBANK1    0000
__Heeprom_data                 eeprom_data  0000
__Hend_init                    end_init     0003
__Hfunctab                     functab      0000
__HidataBANK0                  idataBANK0   0000
__HidataBANK1                  idataBANK1   0000
__Hidloc                       idloc        0000
__Hinit                        init         0000
__Hinittext                    inittext     0000
__Hintentry                    intentry     0000
__Hmaintext                    maintext     0000
__Hpowerup                     powerup      0000
__Hram                         ram          0000
__Hreset_vec                   reset_vec    0000
__Hsfr0                        sfr0         0000
__Hsfr1                        sfr1         0000
__Hsfr2                        sfr2         0000
__Hsfr3                        sfr3         0000
__Hstrings                     strings      0000
__Htext                        text         0000
__Labs1                        abs1         0000
__Lbank0                       bank0        0000
__Lbank1                       bank1        0000
__Lbank2                       bank2        0000
__Lbank3                       bank3        0000
__LbssBANK0                    bssBANK0     0000
__Lcinit                       cinit        0000
__Lclrtext                     clrtext      0000
__Lcode                        code         0000
__Lcommon                      common       0000
__Lconfig                      config       2007
__LcstackBANK0                 cstackBANK0  0000
__LcstackCOMMON                cstackCOMMON 0000
__LdataBANK0                   dataBANK0    0000
__LdataBANK1                   dataBANK1    0000
__Leeprom_data                 eeprom_data  0000
__Lend_init                    end_init     0000
__Lfunctab                     functab      0000
__LidataBANK0                  idataBANK0   0000
__LidataBANK1                  idataBANK1   0000
__Lidloc                       idloc        0000
__Linit                        init         0000
__Linittext                    inittext     0000
__Lintentry                    intentry     0000
__Lmaintext                    maintext     0000
__Lpowerup                     powerup      0000
__Lram                         ram          0000
__Lreset_vec                   reset_vec    0000
__Lsfr0                        sfr0         0000
__Lsfr1                        sfr1         0000
__Lsfr2                        sfr2         0000
__Lsfr3                        sfr3         0000
__Lstrings                     strings      0000
__Ltext                        text         0000
__S0                           (abs)        2008
__S1                           (abs)        00CE
__S2                           (abs)        0000
___lldiv                       text640      0DEF
___lldiv@counter               cstackCOMMON 007D
___lldiv@dividend              cstackCOMMON 0074
___lldiv@divisor               cstackCOMMON 0070
___lldiv@quotient              cstackCOMMON 0079
___llmod                       text641      0CC7
___llmod@counter               cstackCOMMON 0079
___llmod@dividend              cstackCOMMON 0074
___llmod@divisor               cstackCOMMON 0070
__end_of___lldiv               text640      0E5D
__end_of___llmod               text641      0D23
__end_of_adjust_channel        text623      066B
__end_of_adjust_vol            text628      01B1
__end_of_ar1000_init           text638      1000
__end_of_ar_i2c_initialize     text648      0B20
__end_of_ar_i2c_read           text642      051E
__end_of_ar_i2c_write          text643      0F5A
__end_of_decrease_chan         text625      0ED3
__end_of_delay                 text649      005B
__end_of_e_pulse               text634      0C40
__end_of_eeprom_read           text647      0BFF
__end_of_eprom_read            text644      0C1F
__end_of_eprom_write           text646      0BE0
__end_of_increase_chan         text624      0DEF
__end_of_lcd_clr               text629      0BA5
__end_of_lcd_goto              text630      0BC2
__end_of_main                  maintext     03EE
__end_of_send_char             text632      0B8B
__end_of_send_config           text633      0B72
__end_of_send_dec              text627      0800
__end_of_send_string           text631      002B
__end_of_setAR1000             text635      02C2
__end_of_set_vol               text636      0106
__end_of_switch_channel        text626      0D87
__end_of_uart_init             text639      0B59
__end_of_uart_sendstr          text637      0C99
__end_of_uart_tx               text645      0B10
__pbssBANK0                    bssBANK0     005D
__pcstackBANK0                 cstackBANK0  0020
__pcstackCOMMON                cstackCOMMON 0070
__pdataBANK0                   dataBANK0    004C
__pdataBANK1                   dataBANK1    00A0
__pidataBANK0                  idataBANK0   0B20
__pidataBANK1                  idataBANK1   0C99
__pmaintext                    maintext     02C2
__pstrings                     strings      0800
__ptext623                     text623      051E
__ptext624                     text624      0D87
__ptext625                     text625      0E5D
__ptext626                     text626      0D23
__ptext627                     text627      066B
__ptext628                     text628      0106
__ptext629                     text629      0B8B
__ptext630                     text630      0BA5
__ptext631                     text631      0004
__ptext632                     text632      0B72
__ptext633                     text633      0B59
__ptext634                     text634      0C1F
__ptext635                     text635      01B1
__ptext636                     text636      005B
__ptext637                     text637      0C6C
__ptext638                     text638      0F5A
__ptext639                     text639      0B44
__ptext640                     text640      0DEF
__ptext641                     text641      0CC7
__ptext642                     text642      03EE
__ptext643                     text643      0ED3
__ptext644                     text644      0BFF
__ptext645                     text645      0B04
__ptext646                     text646      0BC2
__ptext647                     text647      0BE0
__ptext648                     text648      0B10
__ptext649                     text649      002B
__ptext650                     text650      0000
__size_of___lldiv              (abs)        0000
__size_of___llmod              (abs)        0000
__size_of_adjust_channel       (abs)        0000
__size_of_adjust_vol           (abs)        0000
__size_of_ar1000_init          (abs)        0000
__size_of_ar_i2c_initialize    (abs)        0000
__size_of_ar_i2c_read          (abs)        0000
__size_of_ar_i2c_write         (abs)        0000
__size_of_decrease_chan        (abs)        0000
__size_of_delay                (abs)        0000
__size_of_e_pulse              (abs)        0000
__size_of_eeprom_read          (abs)        0000
__size_of_eprom_read           (abs)        0000
__size_of_eprom_write          (abs)        0000
__size_of_increase_chan        (abs)        0000
__size_of_lcd_clr              (abs)        0000
__size_of_lcd_goto             (abs)        0000
__size_of_main                 (abs)        0000
__size_of_send_char            (abs)        0000
__size_of_send_config          (abs)        0000
__size_of_send_dec             (abs)        0000
__size_of_send_string          (abs)        0000
__size_of_setAR1000            (abs)        0000
__size_of_set_vol              (abs)        0000
__size_of_switch_channel       (abs)        0000
__size_of_uart_init            (abs)        0000
__size_of_uart_sendstr         (abs)        0000
__size_of_uart_tx              (abs)        0000
_adjust_channel                text623      051E
_adjust_vol                    text628      0106
_ar1000_init                   text638      0F5A
_ar_i2c_initialize             text648      0B10
_ar_i2c_read                   text642      03EE
_ar_i2c_write                  text643      0ED3
_currentChannel                bssBANK0     005D
_decrease_chan                 text625      0E5D
_delay                         text649      002B
_e_pulse                       text634      0C1F
_eeprom_read                   text647      0BE0
_eprom_read                    text644      0BFF
_eprom_write                   text646      0BC2
_exit                          init         0000
_freq_kHz                      bssBANK0     0061
_i                             bssBANK0     0067
_increase_chan                 text624      0D87
_lcd_clr                       text629      0B8B
_lcd_goto                      text630      0BA5
_m                             bssBANK0     0068
_main                          maintext     02C2
_prog_chan                     dataBANK0    0056
_register_values               dataBANK1    00AA
_send_char                     text632      0B72
_send_config                   text633      0B59
_send_dec                      text627      066B
_send_string                   text631      0004
_setAR1000                     text635      01B1
_set_vol                       text636      005B
_switch_channel                text626      0D23
_uart_init                     text639      0B44
_uart_sendstr                  text637      0C6C
_uart_tx                       text645      0B04
_v1                            dataBANK1    00A0
_v2                            dataBANK0    004C
_vol                           bssBANK0     0069
adjust_channel@press           cstackBANK0  0042
adjust_channel@press_1370      cstackBANK0  0044
adjust_channel@press_1371      cstackBANK0  0046
adjust_vol@check               cstackBANK0  0025
adjust_vol@vol_default         cstackBANK0  0026
ar1000_init@i                  cstackBANK0  002D
ar_i2c_read@ar_received_byte   cstackBANK0  0020
ar_i2c_read@ar_received_byte1  cstackBANK0  0022
ar_i2c_read@ar_received_byte2  cstackBANK0  0023
ar_i2c_read@ar_register        cstackCOMMON 0070
ar_i2c_read@ar_slave_address   cstackBANK0  0024
ar_i2c_read@count              cstackBANK0  0025
ar_i2c_write@ar_data           cstackCOMMON 0071
ar_i2c_write@ar_register       cstackCOMMON 0070
ar_i2c_write@ar_slave_address  cstackCOMMON 007A
ar_i2c_write@ar_transmit_byte1 cstackCOMMON 007B
ar_i2c_write@ar_transmit_byte2 cstackCOMMON 007C
btemp                          (abs)        007E
delay@data                     cstackCOMMON 0070
eeprom_read@addr               cstackCOMMON 0071
end_of_initialization          cinit        0C68
eprom_read@channel_adr         cstackCOMMON 0074
eprom_read@fm_value            cstackCOMMON 0072
eprom_write@channel_adr        cstackCOMMON 0072
eprom_write@fm_value           cstackCOMMON 0070
init_fetch                     inittext     0B31
init_ram                       inittext     0B35
intlevel0                      functab      0000
intlevel1                      functab      0000
intlevel2                      functab      0000
intlevel3                      functab      0000
intlevel4                      functab      0000
intlevel5                      functab      0000
lcd_goto@data                  cstackCOMMON 007A
reset_vec                      reset_vec    0000
send_char@data                 cstackCOMMON 0078
send_config@data               cstackCOMMON 0078
send_dec@data                  cstackBANK0  0020
send_dec@i                     cstackBANK0  003C
send_dec@no                    cstackBANK0  0028
send_string@i                  cstackCOMMON 007A
send_string@s                  cstackCOMMON 007B
setAR1000@freq_kHz             cstackBANK0  0029
set_vol@key                    cstackCOMMON 007D
start                          init         0000
start_initialization           cinit        0C40
uart_sendstr@s                 cstackCOMMON 0072
uart_tx@uc_data                cstackCOMMON 0070
wtemp0                         (abs)        007E
