HI-TECH Software C Compiler 

Linker command line:

--edf=C:\Program Files\HI-TECH Software\dat\en_msgs.txt -cs -h+PR 31.sym -z \
  -Q16F877A -ol.obj -MPR 31.map -E1 -ACONST=00h-0FFhx32 -ACODE=00h-07FFhx4 \
  -ASTRCODE=00h-01FFFh -AENTRY=00h-0FFhx32 -ASTRING=00h-0FFhx32 \
  -ABANK0=020h-06Fh -ABANK1=0A0h-0EFh -ABANK2=0110h-016Fh \
  -ABANK3=0190h-01EFh -ARAM=020h-06Fh,0A0h-0EFh,0110h-016Fh,0190h-01EFh \
  -AABS1=020h-07Fh,0A0h-0EFh,0110h-016Fh,0190h-01EFh -ACOMMON=070h-07Fh \
  -ASFR0=00h-01Fh -ASFR1=080h-09Fh -ASFR2=0100h-010Fh -ASFR3=0180h-018Fh \
  -preset_vec=00h,intentry,init,end_init -ppowerup=CODE -pfunctab=CODE \
  -ACONFIG=02007h-02007h -pconfig=CONFIG -DCONFIG=2 -AIDLOC=02000h-02003h \
  -pidloc=IDLOC -DIDLOC=2 -AEEDATA=00h-0FFh/02100h -peeprom_data=EEDATA \
  -DEEDATA=2 -DCODE=2 -DSTRCODE=2 -DSTRING=2 -DCONST=2 -DENTRY=2 -k \
  startup.obj PR 31.obj 

Object code version is 3.10

Machine type is 16F877A



                Name                               Link     Load   Length Selector   Space Scale
startup.obj     end_init                              0        0        3        0       0
PR 31.obj       config                             2007     2007        1     400E       0
                text633                             AE0      AE0       10     15C0       0
                text632                             3CE      3CE      148      79C       0
                text631                             ECE      ECE       87     1D9C       0
                text630                               4        4       30        8       0
                text629                             BCE      BCE       21     179C       0
                text628                             B90      B90       1E     1720       0
                text627                             AD4      AD4        C     15A8       0
                text626                             BAE      BAE       20     175C       0
                text625                             CC2      CC2       5C     1984       0
                text624                             DEA      DEA       6E     1BD4       0
                text623                             B12      B12       15     1624       0
                text622                              34       34       AE       68       0
                text621                             C67      C67       2D     18CE       0
                text620                             F55      F55       AB     1EAA       0
                text619                             191      191      111      322       0
                text618                             BEF      BEF       21     17DE       0
                text617                             B27      B27       19     164E       0
                text616                             B40      B40       19     1680       0
                text615                             C10      C10       2B     1820       0
                text614                             B73      B73       1D     16E6       0
                text613                             B59      B59       1A     16B2       0
                text612                              E2       E2       AF      1C4       0
                text611                             669      669      197      CD2       0
                text610                             D1E      D1E       64     1A3C       0
                text609                             E58      E58       76     1CB0       0
                text608                             D82      D82       68     1B04       0
                text607                             516      516      153      A2C       0
                maintext                            2A2      2A2      12C      544       0
                cstackBANK0                          20       20       2C       20       1
                cstackCOMMON                         70       70        E       70       1
                inittext                            AF0      AF0       11     15E0       0
                dataBANK1                            A0       A0       2E       A0       1
                dataBANK0                            4C       4C       11       20       1
                bssBANK0                             5D       5D        D       20       1
                cinit                               C3B      C3B       2C     1876       0
                strings                             800      800       6E     1000       0
                idataBANK1                          C94      C94       2E     1928       0
                idataBANK0                          B01      B01       11     1602       0

TOTAL           Name                               Link     Load   Length     Space
        CLASS   CONST          

        CLASS   CODE           
                end_init                              0        0        3         0
                text633                             AE0      AE0       10         0
                text632                             3CE      3CE      148         0
                text631                             ECE      ECE       87         0
                text630                               4        4       30         0
                text629                             BCE      BCE       21         0
                text628                             B90      B90       1E         0
                text627                             AD4      AD4        C         0
                text626                             BAE      BAE       20         0
                text625                             CC2      CC2       5C         0
                text624                             DEA      DEA       6E         0
                text623                             B12      B12       15         0
                text622                              34       34       AE         0
                text621                             C67      C67       2D         0
                text620                             F55      F55       AB         0
                text619                             191      191      111         0
                text618                             BEF      BEF       21         0
                text617                             B27      B27       19         0
                text616                             B40      B40       19         0
                text615                             C10      C10       2B         0
                text614                             B73      B73       1D         0
                text613                             B59      B59       1A         0
                text612                              E2       E2       AF         0
                text611                             669      669      197         0
                text610                             D1E      D1E       64         0
                text609                             E58      E58       76         0
                text608                             D82      D82       68         0
                text607                             516      516      153         0
                maintext                            2A2      2A2      12C         0
                inittext                            AF0      AF0       11         0
                cinit                               C3B      C3B       2C         0
                idataBANK1                          C94      C94       2E         0
                idataBANK0                          B01      B01       11         0

        CLASS   STRCODE        

        CLASS   ENTRY          

        CLASS   STRING         
                strings                             800      800       6E         0

        CLASS   BANK0          
                cstackBANK0                          20       20       2C         1
                dataBANK0                            4C       4C       11         1
                bssBANK0                             5D       5D        D         1

        CLASS   BANK1          
                dataBANK1                            A0       A0       2E         1

        CLASS   BANK2          

        CLASS   BANK3          

        CLASS   RAM            

        CLASS   ABS1           
                abs_s1                               7E       7E        2         1

        CLASS   COMMON         
                cstackCOMMON                         70       70        E         1

        CLASS   SFR0           

        CLASS   SFR1           

        CLASS   SFR2           

        CLASS   SFR3           

        CLASS   CONFIG         
                config                             2007     2007        1         0

        CLASS   IDLOC          

        CLASS   EEDATA         



SEGMENTS        Name                           Load    Length   Top    Selector   Space  Class     Delta

                reset_vec                      000000  000003  000003         0       0  CODE        2
                text630                        000004  000030  000034         8       0  CODE        2
                cstackBANK0                    000020  00004A  00006A        20       1  BANK0       1
                text622                        000034  0000AE  0000E2        68       0  CODE        2
                cstackCOMMON                   000070  00000E  00007E        70       1  COMMON      1
                dataBANK1                      0000A0  00002E  0000CE        A0       1  BANK1       1
                text612                        0000E2  0000AF  000191       1C4       0  CODE        2
                text619                        000191  000111  0002A2       322       0  CODE        2
                maintext                       0002A2  00012C  0003CE       544       0  CODE        2
                text632                        0003CE  000148  000516       79C       0  CODE        2
                text607                        000516  000153  000669       A2C       0  CODE        2
                text611                        000669  000197  000800       CD2       0  CODE        2
                strings                        000800  00006E  00086E      1000       0  STRING      2
                text627                        000AD4  00000C  000AE0      15A8       0  CODE        2
                text633                        000AE0  000010  000AF0      15C0       0  CODE        2
                inittext                       000AF0  000011  000B01      15E0       0  CODE        2
                idataBANK0                     000B01  000011  000B12      1602       0  CODE        2
                text623                        000B12  000015  000B27      1624       0  CODE        2
                text617                        000B27  000019  000B40      164E       0  CODE        2
                text616                        000B40  000019  000B59      1680       0  CODE        2
                text613                        000B59  00001A  000B73      16B2       0  CODE        2
                text614                        000B73  00001D  000B90      16E6       0  CODE        2
                text628                        000B90  00001E  000BAE      1720       0  CODE        2
                text626                        000BAE  000020  000BCE      175C       0  CODE        2
                text629                        000BCE  000021  000BEF      179C       0  CODE        2
                text618                        000BEF  000021  000C10      17DE       0  CODE        2
                text615                        000C10  00002B  000C3B      1820       0  CODE        2
                cinit                          000C3B  00002C  000C67      1876       0  CODE        2
                text621                        000C67  00002D  000C94      18CE       0  CODE        2
                idataBANK1                     000C94  00002E  000CC2      1928       0  CODE        2
                text625                        000CC2  00005C  000D1E      1984       0  CODE        2
                text610                        000D1E  000064  000D82      1A3C       0  CODE        2
                text608                        000D82  000068  000DEA      1B04       0  CODE        2
                text624                        000DEA  00006E  000E58      1BD4       0  CODE        2
                text609                        000E58  000076  000ECE      1CB0       0  CODE        2
                text631                        000ECE  000087  000F55      1D9C       0  CODE        2
                text620                        000F55  0000AB  001000      1EAA       0  CODE        2
                config                         002007  000001  002008      400E       0  CONFIG      2


UNUSED ADDRESS RANGES

        Name                Unused          Largest block    Delta
        BANK0            006A-006F              6           1
        BANK1            00CE-00EF             22           1
        BANK2            0110-016F             60           1
        BANK3            0190-01EF             60           1
        CODE             0003-0003              1           2
                         086E-0AD3            266
                         1000-1FFF            800
        CONST            0003-0003              1           2
                         086E-0AD3            100
                         1000-1FFF            100
        EEDATA           2100-21FF            100           2
        ENTRY            0003-0003              1           2
                         086E-0AD3            100
                         1000-1FFF            100
        IDLOC            2000-2003              4           2
        RAM              006A-006F              6           1
                         00CE-00EF             22
                         0110-016F             60
                         0190-01EF             60
        SFR0             0000-001F             20           1
        SFR1             0080-009F             20           1
        SFR2             0100-010F             10           1
        SFR3             0180-018F             10           1
        STRCODE          0003-0003              1           2
                         086E-0AD3            266
                         1000-1FFF           1000
        STRING           0003-0003              1           2
                         086E-0AD3            100
                         1000-1FFF            100

                                  Symbol Table

??___lldiv                     cstackCOMMON 0078
??___llmod                     cstackCOMMON 0078
??_adjust_channel              cstackCOMMON 007E
??_adjust_vol                  cstackBANK0  0024
??_ar1000_init                 cstackBANK0  0029
??_ar_i2c_initialize           cstackCOMMON 0070
??_ar_i2c_read                 cstackCOMMON 0072
??_ar_i2c_write                cstackCOMMON 0075
??_decrease_chan               cstackBANK0  003E
??_delay                       cstackCOMMON 0074
??_e_pulse                     cstackCOMMON 0078
??_eeprom_read                 cstackCOMMON 0070
??_eprom_read                  cstackCOMMON 0072
??_eprom_write                 cstackCOMMON 0072
??_increase_chan               cstackCOMMON 007E
??_lcd_clr                     cstackCOMMON 0079
??_lcd_goto                    cstackCOMMON 0079
??_main                        cstackBANK0  0048
??_send_char                   cstackCOMMON 0078
??_send_config                 cstackCOMMON 0078
??_send_dec                    cstackBANK0  0024
??_send_string                 cstackCOMMON 0079
??_setAR1000                   cstackBANK0  002B
??_set_vol                     cstackBANK0  0020
??_switch_channel              cstackBANK0  003E
??_uart_init                   cstackCOMMON 0071
??_uart_sendstr                cstackCOMMON 0071
??_uart_tx                     cstackCOMMON 0070
?___lldiv                      cstackCOMMON 0070
?___llmod                      cstackCOMMON 0070
?_adjust_channel               cstackCOMMON 0070
?_adjust_vol                   cstackCOMMON 0070
?_ar1000_init                  cstackCOMMON 0070
?_ar_i2c_initialize            cstackCOMMON 0070
?_ar_i2c_read                  cstackCOMMON 0070
?_ar_i2c_write                 cstackCOMMON 0070
?_decrease_chan                cstackCOMMON 0070
?_delay                        cstackCOMMON 0070
?_e_pulse                      cstackCOMMON 0070
?_eeprom_read                  cstackCOMMON 0070
?_eprom_read                   cstackCOMMON 0070
?_eprom_write                  cstackCOMMON 0070
?_increase_chan                cstackCOMMON 0070
?_lcd_clr                      cstackCOMMON 0070
?_lcd_goto                     cstackCOMMON 0070
?_main                         cstackCOMMON 0070
?_send_char                    cstackCOMMON 0070
?_send_config                  cstackCOMMON 0070
?_send_dec                     cstackBANK0  0020
?_send_string                  cstackCOMMON 0070
?_setAR1000                    cstackBANK0  0029
?_set_vol                      cstackCOMMON 0070
?_switch_channel               cstackCOMMON 0070
?_uart_init                    cstackCOMMON 0070
?_uart_sendstr                 cstackCOMMON 0070
?_uart_tx                      cstackCOMMON 0070
_ACKDT                         (abs)        048D
_ACKEN                         (abs)        048C
_ACKSTAT                       (abs)        048E
_BF                            (abs)        04A0
_BRGH                          (abs)        04C2
_CREN                          (abs)        00C4
_EEADR                         (abs)        010D
_EECON1                        (abs)        018C
_EECON2                        (abs)        018D
_EEDATA                        (abs)        010C
_EEPGD                         (abs)        0C67
_OERR                          (abs)        00C1
_PEN                           (abs)        048A
_PORTA                         (abs)        0005
_PORTB                         (abs)        0006
_PORTD                         (abs)        0008
_RB0                           (abs)        0030
_RB1                           (abs)        0031
_RB2                           (abs)        0032
_RB3                           (abs)        0033
_RB4                           (abs)        0034
_RB5                           (abs)        0035
_RCEN                          (abs)        048B
_RCIF                          (abs)        0065
_RCREG                         (abs)        001A
_RD                            (abs)        0C60
_RSEN                          (abs)        0489
_RW                            (abs)        04A2
_SEN                           (abs)        0488
_SPBRG                         (abs)        0099
_SPEN                          (abs)        00C7
_SSPADD                        (abs)        0093
_SSPBUF                        (abs)        0013
_SSPEN                         (abs)        00A5
_SSPM0                         (abs)        00A0
_SSPM1                         (abs)        00A1
_SSPM2                         (abs)        00A2
_SSPM3                         (abs)        00A3
_SSPOV                         (abs)        00A6
_STC                           bssBANK0     0065
_TRISA                         (abs)        0085
_TRISB                         (abs)        0086
_TRISC3                        (abs)        043B
_TRISC4                        (abs)        043C
_TRISC6                        (abs)        043E
_TRISC7                        (abs)        043F
_TRISD                         (abs)        0088
_TXEN                          (abs)        04C5
_TXIF                          (abs)        0064
_TXREG                         (abs)        0019
_WCOL                          (abs)        00A7
_WR                            (abs)        0C61
_WREN                          (abs)        0C62
__Habs1                        abs1         0000
__Hbank0                       bank0        0000
__Hbank1                       bank1        0000
__Hbank2                       bank2        0000
__Hbank3                       bank3        0000
__HbssBANK0                    bssBANK0     0000
__Hcinit                       cinit        0000
__Hclrtext                     clrtext      0000
__Hcode                        code         0000
__Hcommon                      common       0000
__Hconfig                      config       2008
__HcstackBANK0                 cstackBANK0  0000
__HcstackCOMMON                cstackCOMMON 0000
__HdataBANK0                   dataBANK0    0000
__HdataBANK1                   dataBANK1    0000
__Heeprom_data                 eeprom_data  0000
__Hend_init                    end_init     0003
__Hfunctab                     functab      0000
__HidataBANK0                  idataBANK0   0000
__HidataBANK1                  idataBANK1   0000
__Hidloc                       idloc        0000
__Hinit                        init         0000
__Hinittext                    inittext     0000
__Hintentry                    intentry     0000
__Hmaintext                    maintext     0000
__Hpowerup                     powerup      0000
__Hram                         ram          0000
__Hreset_vec                   reset_vec    0000
__Hsfr0                        sfr0         0000
__Hsfr1                        sfr1         0000
__Hsfr2                        sfr2         0000
__Hsfr3                        sfr3         0000
__Hstrings                     strings      0000
__Htext                        text         0000
__Labs1                        abs1         0000
__Lbank0                       bank0        0000
__Lbank1                       bank1        0000
__Lbank2                       bank2        0000
__Lbank3                       bank3        0000
__LbssBANK0                    bssBANK0     0000
__Lcinit                       cinit        0000
__Lclrtext                     clrtext      0000
__Lcode                        code         0000
__Lcommon                      common       0000
__Lconfig                      config       2007
__LcstackBANK0                 cstackBANK0  0000
__LcstackCOMMON                cstackCOMMON 0000
__LdataBANK0                   dataBANK0    0000
__LdataBANK1                   dataBANK1    0000
__Leeprom_data                 eeprom_data  0000
__Lend_init                    end_init     0000
__Lfunctab                     functab      0000
__LidataBANK0                  idataBANK0   0000
__LidataBANK1                  idataBANK1   0000
__Lidloc                       idloc        0000
__Linit                        init         0000
__Linittext                    inittext     0000
__Lintentry                    intentry     0000
__Lmaintext                    maintext     0000
__Lpowerup                     powerup      0000
__Lram                         ram          0000
__Lreset_vec                   reset_vec    0000
__Lsfr0                        sfr0         0000
__Lsfr1                        sfr1         0000
__Lsfr2                        sfr2         0000
__Lsfr3                        sfr3         0000
__Lstrings                     strings      0000
__Ltext                        text         0000
__S0                           (abs)        2008
__S1                           (abs)        00CE
__S2                           (abs)        0000
___lldiv                       text624      0DEA
___lldiv@counter               cstackCOMMON 007D
___lldiv@dividend              cstackCOMMON 0074
___lldiv@divisor               cstackCOMMON 0070
___lldiv@quotient              cstackCOMMON 0079
___llmod                       text625      0CC2
___llmod@counter               cstackCOMMON 0079
___llmod@dividend              cstackCOMMON 0074
___llmod@divisor               cstackCOMMON 0070
__end_of___lldiv               text624      0E58
__end_of___llmod               text625      0D1E
__end_of_adjust_channel        text607      0669
__end_of_adjust_vol            text612      0191
__end_of_ar1000_init           text622      00E2
__end_of_ar_i2c_initialize     text633      0AF0
__end_of_ar_i2c_read           text632      0516
__end_of_ar_i2c_write          text631      0F55
__end_of_decrease_chan         text609      0ECE
__end_of_delay                 text630      0034
__end_of_e_pulse               text618      0C10
__end_of_eeprom_read           text629      0BEF
__end_of_eprom_read            text626      0BCE
__end_of_eprom_write           text628      0BAE
__end_of_increase_chan         text608      0DEA
__end_of_lcd_clr               text613      0B73
__end_of_lcd_goto              text614      0B90
__end_of_main                  maintext     03CE
__end_of_send_char             text616      0B59
__end_of_send_config           text617      0B40
__end_of_send_dec              text611      0800
__end_of_send_string           text615      0C3B
__end_of_setAR1000             text619      02A2
__end_of_set_vol               text620      1000
__end_of_switch_channel        text610      0D82
__end_of_uart_init             text623      0B27
__end_of_uart_sendstr          text621      0C94
__end_of_uart_tx               text627      0AE0
__pbssBANK0                    bssBANK0     005D
__pcstackBANK0                 cstackBANK0  0020
__pcstackCOMMON                cstackCOMMON 0070
__pdataBANK0                   dataBANK0    004C
__pdataBANK1                   dataBANK1    00A0
__pidataBANK0                  idataBANK0   0B01
__pidataBANK1                  idataBANK1   0C94
__pmaintext                    maintext     02A2
__pstrings                     strings      0800
__ptext607                     text607      0516
__ptext608                     text608      0D82
__ptext609                     text609      0E58
__ptext610                     text610      0D1E
__ptext611                     text611      0669
__ptext612                     text612      00E2
__ptext613                     text613      0B59
__ptext614                     text614      0B73
__ptext615                     text615      0C10
__ptext616                     text616      0B40
__ptext617                     text617      0B27
__ptext618                     text618      0BEF
__ptext619                     text619      0191
__ptext620                     text620      0F55
__ptext621                     text621      0C67
__ptext622                     text622      0034
__ptext623                     text623      0B12
__ptext624                     text624      0DEA
__ptext625                     text625      0CC2
__ptext626                     text626      0BAE
__ptext627                     text627      0AD4
__ptext628                     text628      0B90
__ptext629                     text629      0BCE
__ptext630                     text630      0004
__ptext631                     text631      0ECE
__ptext632                     text632      03CE
__ptext633                     text633      0AE0
__ptext634                     text634      0000
__size_of___lldiv              (abs)        0000
__size_of___llmod              (abs)        0000
__size_of_adjust_channel       (abs)        0000
__size_of_adjust_vol           (abs)        0000
__size_of_ar1000_init          (abs)        0000
__size_of_ar_i2c_initialize    (abs)        0000
__size_of_ar_i2c_read          (abs)        0000
__size_of_ar_i2c_write         (abs)        0000
__size_of_decrease_chan        (abs)        0000
__size_of_delay                (abs)        0000
__size_of_e_pulse              (abs)        0000
__size_of_eeprom_read          (abs)        0000
__size_of_eprom_read           (abs)        0000
__size_of_eprom_write          (abs)        0000
__size_of_increase_chan        (abs)        0000
__size_of_lcd_clr              (abs)        0000
__size_of_lcd_goto             (abs)        0000
__size_of_main                 (abs)        0000
__size_of_send_char            (abs)        0000
__size_of_send_config          (abs)        0000
__size_of_send_dec             (abs)        0000
__size_of_send_string          (abs)        0000
__size_of_setAR1000            (abs)        0000
__size_of_set_vol              (abs)        0000
__size_of_switch_channel       (abs)        0000
__size_of_uart_init            (abs)        0000
__size_of_uart_sendstr         (abs)        0000
__size_of_uart_tx              (abs)        0000
_adjust_channel                text607      0516
_adjust_vol                    text612      00E2
_ar1000_init                   text622      0034
_ar_i2c_initialize             text633      0AE0
_ar_i2c_read                   text632      03CE
_ar_i2c_write                  text631      0ECE
_currentChannel                bssBANK0     005D
_decrease_chan                 text609      0E58
_delay                         text630      0004
_e_pulse                       text618      0BEF
_eeprom_read                   text629      0BCE
_eprom_read                    text626      0BAE
_eprom_write                   text628      0B90
_exit                          init         0000
_freq_kHz                      bssBANK0     0061
_i                             bssBANK0     0067
_increase_chan                 text608      0D82
_lcd_clr                       text613      0B59
_lcd_goto                      text614      0B73
_m                             bssBANK0     0068
_main                          maintext     02A2
_prog_chan                     dataBANK0    0056
_register_values               dataBANK1    00AA
_send_char                     text616      0B40
_send_config                   text617      0B27
_send_dec                      text611      0669
_send_string                   text615      0C10
_setAR1000                     text619      0191
_set_vol                       text620      0F55
_switch_channel                text610      0D1E
_uart_init                     text623      0B12
_uart_sendstr                  text621      0C67
_uart_tx                       text627      0AD4
_v1                            dataBANK1    00A0
_v2                            dataBANK0    004C
_vol                           bssBANK0     0069
adjust_channel@press           cstackBANK0  0042
adjust_channel@press_719       cstackBANK0  0044
adjust_channel@press_720       cstackBANK0  0046
adjust_vol@check               cstackBANK0  0025
adjust_vol@vol_default         cstackBANK0  0026
ar1000_init@i                  cstackBANK0  002D
ar_i2c_read@ar_received_byte   cstackBANK0  0020
ar_i2c_read@ar_received_byte1  cstackBANK0  0022
ar_i2c_read@ar_received_byte2  cstackBANK0  0023
ar_i2c_read@ar_register        cstackCOMMON 0070
ar_i2c_read@ar_slave_address   cstackBANK0  0024
ar_i2c_read@count              cstackBANK0  0025
ar_i2c_write@ar_data           cstackCOMMON 0071
ar_i2c_write@ar_register       cstackCOMMON 0070
ar_i2c_write@ar_slave_address  cstackCOMMON 007A
ar_i2c_write@ar_transmit_byte1 cstackCOMMON 007B
ar_i2c_write@ar_transmit_byte2 cstackCOMMON 007C
btemp                          (abs)        007E
delay@RC4                      cstackCOMMON 0070
eeprom_read@addr               cstackCOMMON 0073
end_of_initialization          cinit        0C63
eprom_read@channel_adr         cstackCOMMON 0074
eprom_read@fm_value            cstackCOMMON 0072
eprom_write@channel_adr        cstackCOMMON 0072
eprom_write@fm_value           cstackCOMMON 0070
init_fetch                     inittext     0AF0
init_ram                       inittext     0AF4
intlevel0                      functab      0000
intlevel1                      functab      0000
intlevel2                      functab      0000
intlevel3                      functab      0000
intlevel4                      functab      0000
intlevel5                      functab      0000
lcd_goto@RC4                   cstackCOMMON 007A
reset_vec                      reset_vec    0000
send_char@RC4                  cstackCOMMON 0078
send_config@RC4                cstackCOMMON 0078
send_dec@RC4                   cstackBANK0  0020
send_dec@i                     cstackBANK0  003C
send_dec@no                    cstackBANK0  0028
send_string@i                  cstackCOMMON 007A
send_string@s                  cstackCOMMON 007B
setAR1000@freq_kHz             cstackBANK0  0029
set_vol@key                    cstackCOMMON 007D
start                          init         0000
start_initialization           cinit        0C3B
uart_sendstr@s                 cstackCOMMON 0072
uart_tx@uc_data                cstackCOMMON 0070
wtemp0                         (abs)        007E
